Microchip MPLAB XC8 Compiler V2.32

Linker command line:

-W-3 --edf=C:\Program Files\Microchip\xc8\v2.32\pic\dat\en_msgs.txt -cn \
  -h+dist/default/production\00_Piano.X.production.sym \
  --cmf=dist/default/production\00_Piano.X.production.cmf -z -Q18F4520 \
  -oC:\Users\leona\AppData\Local\Temp\xcAsigs.4 --defsym=__MPLAB_BUILD=1 \
  -Mdist/default/production/00_Piano.X.production.map -E1 -ver=XC8 Compiler \
  --acfsm=1493 -ASTACK=080h-05FFh -pstack=STACK -ACODE=00h-07FFFh \
  -ACONST=00h-07FFFh -ASMALLCONST=0600h-06FFhx122 \
  -AMEDIUMCONST=0600h-07FFFh -ACOMRAM=01h-07Fh -AABS1=00h-05FFh \
  -ABIGRAM=01h-05FFh -ARAM=080h-0FFh,0100h-01FFhx5 -ABANK0=080h-0FFh \
  -ABANK1=0100h-01FFh -ABANK2=0200h-02FFh -ABANK3=0300h-03FFh \
  -ABANK4=0400h-04FFh -ABANK5=0500h-05FFh -ASFR=0F80h-0FFFh \
  -ACONFIG=0300000h-030000Dh -AIDLOC=0200000h-0200007h \
  -AEEDATA=0F00000h-0F000FFh -peeprom_data=EEDATA \
  -preset_vec=00h,intcode,intcodelo,powerup,init -pramtop=0600h \
  -psmallconst=SMALLCONST -pmediumconst=MEDIUMCONST -pconst=CONST \
  -AFARRAM=00h-00h \
  -prdata=COMRAM,nvrram=COMRAM,nvbit=COMRAM,rbss=COMRAM,rbit=COMRAM \
  -pfarbss=FARRAM,fardata=FARRAM,nvFARRAM=FARRAM \
  -pintsave_regs=BIGRAM,bigbss=BIGRAM,bigdata=BIGRAM -pbss=RAM \
  -pidata=CODE,irdata=CODE,ibigdata=CODE,ifardata=CODE -prparam=COMRAM \
  C:\Users\leona\AppData\Local\Temp\xcAsigs.o \
  dist/default/production\00_Piano.X.production.o 

Object code version is 3.11

Machine type is 18F4520



                Name                               Link     Load   Length Selector   Space Scale
C:\Users\leona\AppData\Local\Temp\xcAsigs.o
                idloc                            200000   200000        8        0       5
                config                           300000   300000        E        0       4
                init                                  0        0        4        0       0
dist/default/production\00_Piano.X.production.o
                idloc                            200000   200000        8        0       5
                config                           300000   300000        E        0       4
                text7                              7AD0     7AD0       C4     3D68       0
                text6                              7B94     7B94      106     3DCA       0
                text5                              79C4     79C4       6A     3CE2       0
                text4                              7E4C     7E4C      1B4     3F26       0
                text3                              7A2E     7A2E       A2     3D17       0
                text2                              792C     792C       38     3C96       0
                text1                              7964     7964       60     3CB2       0
                text0                              7C9A     7C9A      1B2     3E4D       0
                cstackCOMRAM                          1        1       33        1       1
                cinit                              7926     7926        6     3C93       0

TOTAL           Name                               Link     Load   Length     Space
        CLASS   STACK          

        CLASS   CODE           
                init                                  0        0        4         0
                text7                              7AD0     7AD0       C4         0
                text6                              7B94     7B94      106         0
                text5                              79C4     79C4       6A         0
                text4                              7E4C     7E4C      1B4         0
                text3                              7A2E     7A2E       A2         0
                text2                              792C     792C       38         0
                text1                              7964     7964       60         0
                text0                              7C9A     7C9A      1B2         0
                cinit                              7926     7926        6         0

        CLASS   CONST          

        CLASS   SMALLCONST     

        CLASS   MEDIUMCONST    

        CLASS   COMRAM         
                cstackCOMRAM                          1        1       33         1

        CLASS   ABS1           

        CLASS   BIGRAM         

        CLASS   RAM            

        CLASS   BANK0          

        CLASS   BANK1          

        CLASS   BANK2          

        CLASS   BANK3          

        CLASS   BANK4          

        CLASS   BANK5          

        CLASS   SFR            

        CLASS   CONFIG         
                config                           300000   300000        E         4

        CLASS   IDLOC          
                idloc                            200000   200000        8         5

        CLASS   EEDATA         

        CLASS   FARRAM         



SEGMENTS        Name                           Load    Length   Top    Selector   Space  Class

                reset_vec                      000000  000004  000004         0       0  CODE    
                cstackCOMRAM                   000001  000033  000034         1       1  COMRAM  
                cinit                          007926  000006  00792C      3C93       0  CODE    
                text2                          00792C  000038  007964      3C96       0  CODE    
                text1                          007964  000060  0079C4      3CB2       0  CODE    
                text5                          0079C4  00006A  007A2E      3CE2       0  CODE    
                text3                          007A2E  0000A2  007AD0      3D17       0  CODE    
                text7                          007AD0  0000C4  007B94      3D68       0  CODE    
                text6                          007B94  000106  007C9A      3DCA       0  CODE    
                text0                          007C9A  0001B2  007E4C      3E4D       0  CODE    
                text4                          007E4C  0001B4  008000      3F26       0  CODE    


UNUSED ADDRESS RANGES

        Name                Unused          Largest block    Delta
        BANK0            000080-0000FF               80
        BANK1            000100-0001FF              100
        BANK2            000200-0002FF              100
        BANK3            000300-0003FF              100
        BANK4            000400-0004FF              100
        BANK5            000500-0005FF              100
        BIGRAM           000034-0005FF              5CC
        CODE             000004-007925             7922
        COMRAM           000034-00007F               4C
        CONST            000004-007925             7922
        EEDATA           F00000-F000FF              100
        MEDIUMCONST      000600-007925             7326
        RAM              000080-0005FF              100
        SFR              000F80-000FFF               80
        SMALLCONST       000600-007925              100
        STACK            000080-0005FF              580

                                  Symbol Table

?___awdiv                cstackCOMRAM 000001
?___fltol                cstackCOMRAM 000001
?___lmul                 cstackCOMRAM 000009
?___xxtofl               cstackCOMRAM 000015
?_calculateTime          cstackCOMRAM 000023
_PORTAbits               (abs)        000F80
_PORTBbits               (abs)        000F81
_PORTCbits               (abs)        000F82
_TRISA                   (abs)        000F92
_TRISB                   (abs)        000F93
_TRISCbits               (abs)        000F94
__HRAM                   (abs)        000000
__Habs1                  abs1         000000
__Hbank0                 bank0        000000
__Hbank1                 bank1        000000
__Hbank2                 bank2        000000
__Hbank3                 bank3        000000
__Hbank4                 bank4        000000
__Hbank5                 bank5        000000
__Hbigbss                bigbss       000000
__Hbigdata               bigdata      000000
__Hbigram                bigram       000000
__Hbss                   bss          000000
__Hcinit                 cinit        000000
__Hclrtext               clrtext      000000
__Hcomram                comram       000000
__Hconfig                config       30000E
__Hconst                 const        000000
__HcstackCOMRAM          cstackCOMRAM 000000
__Hdata                  data         000000
__Heeprom_data           eeprom_data  000000
__Hfarbss                farbss       000000
__Hfardata               fardata      000000
__Hibigdata              ibigdata     000000
__Hidata                 idata        000000
__Hidloc                 idloc        200008
__Hifardata              ifardata     000000
__Hinit                  init         000004
__Hintcode               intcode      000000
__Hintcode_body          intcode_body 000000
__Hintcodelo             intcodelo    000000
__Hintentry              intentry     000000
__Hintret                intret       000000
__Hintsave_regs          intsave_regs 000000
__Hirdata                irdata       000000
__Hmediumconst           mediumconst  000000
__HnvFARRAM              nvFARRAM     000000
__Hnvbit                 nvbit        000000
__Hnvrram                nvrram       000000
__Hparam                 rparam       000000
__Hpowerup               powerup      000000
__Hram                   ram          000000
__Hramtop                ramtop       000600
__Hrbit                  rbit         000000
__Hrbss                  rbss         000000
__Hrdata                 rdata        000000
__Hreset_vec             reset_vec    000000
__Hrparam                rparam       000000
__Hsfr                   sfr          000000
__Hsmallconst            smallconst   000000
__Hspace_0               (abs)        008000
__Hspace_1               (abs)        000034
__Hspace_2               (abs)        000000
__Hspace_4               (abs)        60000E
__Hstack                 stack        000000
__Hstruct                struct       000000
__Htemp                  temp         000000
__Htext                  text         000000
__Htext0                 text0        000000
__Htext1                 text1        000000
__Htext2                 text2        000000
__Htext3                 text3        000000
__Htext4                 text4        000000
__Htext5                 text5        000000
__Htext6                 text6        000000
__Htext7                 text7        000000
__LRAM                   (abs)        000001
__Labs1                  abs1         000000
__Lbank0                 bank0        000000
__Lbank1                 bank1        000000
__Lbank2                 bank2        000000
__Lbank3                 bank3        000000
__Lbank4                 bank4        000000
__Lbank5                 bank5        000000
__Lbigbss                bigbss       000000
__Lbigdata               bigdata      000000
__Lbigram                bigram       000000
__Lbss                   bss          000000
__Lcinit                 cinit        000000
__Lclrtext               clrtext      000000
__Lcomram                comram       000000
__Lconfig                config       000000
__Lconst                 const        000000
__LcstackCOMRAM          cstackCOMRAM 000000
__Ldata                  data         000000
__Leeprom_data           eeprom_data  000000
__Lfarbss                farbss       000000
__Lfardata               fardata      000000
__Libigdata              ibigdata     000000
__Lidata                 idata        000000
__Lidloc                 idloc        000000
__Lifardata              ifardata     000000
__Linit                  init         000000
__Lintcode               intcode      000000
__Lintcode_body          intcode_body 000000
__Lintcodelo             intcodelo    000000
__Lintentry              intentry     000000
__Lintret                intret       000000
__Lintsave_regs          intsave_regs 000000
__Lirdata                irdata       000000
__Lmediumconst           mediumconst  000000
__LnvFARRAM              nvFARRAM     000000
__Lnvbit                 nvbit        000000
__Lnvrram                nvrram       000000
__Lparam                 rparam       000000
__Lpowerup               powerup      000000
__Lram                   ram          000000
__Lramtop                ramtop       000600
__Lrbit                  rbit         000000
__Lrbss                  rbss         000000
__Lrdata                 rdata        000000
__Lreset_vec             reset_vec    000000
__Lrparam                rparam       000000
__Lsfr                   sfr          000000
__Lsmallconst            smallconst   000000
__Lspace_0               (abs)        000000
__Lspace_1               (abs)        000000
__Lspace_2               (abs)        000000
__Lspace_4               (abs)        000000
__Lstack                 stack        000000
__Lstruct                struct       000000
__Ltemp                  temp         000000
__Ltext                  text         000000
__Ltext0                 text0        000000
__Ltext1                 text1        000000
__Ltext2                 text2        000000
__Ltext3                 text3        000000
__Ltext4                 text4        000000
__Ltext5                 text5        000000
__Ltext6                 text6        000000
__Ltext7                 text7        000000
__S0                     (abs)        008000
__S1                     (abs)        000034
__S2                     (abs)        000000
__S4                     (abs)        000000
__S5                     (abs)        000000
___awdiv                 text7        007AD0
___awdiv@counter         cstackCOMRAM 000005
___awdiv@dividend        cstackCOMRAM 000001
___awdiv@divisor         cstackCOMRAM 000003
___awdiv@quotient        cstackCOMRAM 000007
___awdiv@sign            cstackCOMRAM 000006
___fltol                 text6        007B94
___fltol@exp1            cstackCOMRAM 00000A
___fltol@f1              cstackCOMRAM 000001
___fltol@sign1           cstackCOMRAM 000009
___inthi_sp              stack        000000
___intlo_sp              stack        000000
___lmul                  text5        0079C4
___lmul@multiplicand     cstackCOMRAM 00000D
___lmul@multiplier       cstackCOMRAM 000009
___lmul@product          cstackCOMRAM 000011
___param_bank            (abs)        000000
___rparam_used           (abs)        000001
___sp                    stack        000000
___xxtofl                text4        007E4C
___xxtofl@arg            cstackCOMRAM 00001F
___xxtofl@exp            cstackCOMRAM 00001E
___xxtofl@sign           cstackCOMRAM 00001D
___xxtofl@val            cstackCOMRAM 000015
__accesstop              (abs)        000080
__activetblptr           (abs)        000000
__end_of___awdiv         text7        007B94
__end_of___fltol         text6        007C9A
__end_of___lmul          text5        007A2E
__end_of___xxtofl        text4        008000
__end_of__initialization cinit        007926
__end_of_calculateTime   text3        007AD0
__end_of_delay_ms        text2        007964
__end_of_main            text0        007E4C
__end_of_playTone        text1        0079C4
__initialization         cinit        007926
__mediumconst            mediumconst  000000
__pcinit                 cinit        007926
__pcstackCOMRAM          cstackCOMRAM 000001
__ptext0                 text0        007C9A
__ptext1                 text1        007964
__ptext2                 text2        00792C
__ptext3                 text3        007A2E
__ptext4                 text4        007E4C
__ptext5                 text5        0079C4
__ptext6                 text6        007B94
__ptext7                 text7        007AD0
__ramtop                 ramtop       000600
__size_of___awdiv        (abs)        000000
__size_of___fltol        (abs)        000000
__size_of___lmul         (abs)        000000
__size_of___xxtofl       (abs)        000000
__size_of_calculateTime  (abs)        000000
__size_of_delay_ms       (abs)        000000
__size_of_main           (abs)        000000
__size_of_playTone       (abs)        000000
__smallconst             smallconst   000000
_calculateTime           text3        007A2E
_calculateTime$994       cstackCOMRAM 00002B
_delay_ms                text2        00792C
_main                    text0        007C9A
_playTone                text1        007964
calculateTime@n          cstackCOMRAM 000025
calculateTime@note       cstackCOMRAM 000023
calculateTime@x          cstackCOMRAM 000029
delay_ms@j               cstackCOMRAM 000004
delay_ms@time            cstackCOMRAM 000001
end_of_initialization    cinit        007926
intlevel0                text         000000
intlevel1                text         000000
intlevel2                text         000000
intlevel3                text         000000
isa$std                  (abs)        000001
isa$xinst                (abs)        000000
playTone@i               cstackCOMRAM 000030
playTone@note            cstackCOMRAM 00002D
playTone@time            cstackCOMRAM 000032
stackhi                  (abs)        0005FF
stacklo                  (abs)        000080
start                    init         000000
start_initialization     cinit        007926


MODULE INFORMATION

Module		Function		Class		Link	Load	Size
C:\Program Files\Microchip\xc8\v2.32\pic\sources\c99\common\awdiv.c
		___awdiv       		CODE           	7AD0	0000	196

C:\Program Files\Microchip\xc8\v2.32\pic\sources\c99\common\awdiv.c estimated size: 196

Main.c
		_main          		CODE           	7C9A	0000	434
		_playTone      		CODE           	7964	0000	96
		_calculateTime 		CODE           	7A2E	0000	162
		_delay_ms      		CODE           	792C	0000	56

Main.c estimated size: 748

shared
		__initialization		CODE           	7926	0000	1

shared estimated size: 1

C:\Program Files\Microchip\xc8\v2.32\pic\sources\c99\common\Umul32.c
		___lmul        		CODE           	79C4	0000	106

C:\Program Files\Microchip\xc8\v2.32\pic\sources\c99\common\Umul32.c estimated size: 106

C:\Program Files\Microchip\xc8\v2.32\pic\sources\c99\common\fltol.c
		___fltol       		CODE           	7B94	0000	262

C:\Program Files\Microchip\xc8\v2.32\pic\sources\c99\common\fltol.c estimated size: 262

C:\Program Files\Microchip\xc8\v2.32\pic\sources\c99\common\xxtofl.c
		___xxtofl      		CODE           	7E4C	0000	436

C:\Program Files\Microchip\xc8\v2.32\pic\sources\c99\common\xxtofl.c estimated size: 436

